[127.0.0.1_5000/static/apple-icon-180x180.png]
[backblue.gif]
[fade.gif]
[index.html]
[127.0.0.1_5000/static/js/main.0cf8b554.js]
[127.0.0.1_5000/index.html]
[127.0.0.1_5000/static/favicon.html]
[127.0.0.1_5000/static/images/sa.JPEG]
[127.0.0.1_5000/static/css/main.550dcf66.css]
[127.0.0.1_5000/first.html]
[127.0.0.1_5000/first-2.html]
[127.0.0.1_5000/static/images/so.jpeg]
[127.0.0.1_5000/login.html]
[127.0.0.1_5000/abstract.html]
[127.0.0.1_5000/static/vendor/jquery/jquery.min.js]
[127.0.0.1_5000/static/vendor/bootstrap/js/bootstrap.bundle.min.js]
[127.0.0.1_5000/static/vendor/jquery-easing/jquery.easing.min.js]
[127.0.0.1_5000/static/js/jqBootstrapValidation.js]
[127.0.0.1_5000/static/js/contact_me.js]
[127.0.0.1_5000/static/js/freelancer.min.js]
[127.0.0.1_5000/upload.html]
[ajax.googleapis.com/ajax/libs/jquery/3.3.1/jquery.min.js]
[maxcdn.bootstrapcdn.com/bootstrap/3.3.7/css/bootstrap.min.css]
[127.0.0.1_5000/home.html]
[maxcdn.bootstrapcdn.com/bootstrap/3.3.7/js/bootstrap.min.js]
[www.gstatic.com/charts/loader.js]
[127.0.0.1_5000/chart.html]
[127.0.0.1_5000/future.html]
[127.0.0.1_5000/static/css/assets/images/wave-footer.html]
[127.0.0.1_5000/static/css/assets/images/wave-header.html]
[127.0.0.1_5000/static/css/styles.html]
[127.0.0.1_5000/static/vendor/fontawesome-free/webfonts/fa-brands-400.eot]
[127.0.0.1_5000/static/vendor/fontawesome-free/webfonts/fa-brands-400.woff2]
[127.0.0.1_5000/static/vendor/fontawesome-free/webfonts/fa-brands-400.woff]
[127.0.0.1_5000/static/vendor/fontawesome-free/webfonts/fa-brands-400.ttf]
[127.0.0.1_5000/static/vendor/fontawesome-free/webfonts/fa-brands-400d41d.eot]
[127.0.0.1_5000/static/vendor/fontawesome-free/webfonts/fa-regular-400.eot]
[127.0.0.1_5000/static/vendor/fontawesome-free/webfonts/fa-regular-400.woff2]
[127.0.0.1_5000/static/vendor/fontawesome-free/webfonts/fa-regular-400.woff]
[127.0.0.1_5000/static/vendor/fontawesome-free/webfonts/fa-regular-400d41d.eot]
[127.0.0.1_5000/static/vendor/fontawesome-free/webfonts/fa-regular-400.ttf]
[127.0.0.1_5000/static/vendor/fontawesome-free/webfonts/fa-solid-900.eot]
[127.0.0.1_5000/static/vendor/fontawesome-free/webfonts/fa-solid-900.woff2]
[127.0.0.1_5000/static/vendor/fontawesome-free/webfonts/fa-solid-900.woff]
[127.0.0.1_5000/static/vendor/fontawesome-free/webfonts/fa-solid-900d41d.eot]
[127.0.0.1_5000/static/vendor/fontawesome-free/webfonts/fa-solid-900.ttf]
[127.0.0.1_5000/static/vendor/fontawesome-free/css/all.min.css]
[127.0.0.1_5000/static/css/freelancer.min.css]
[maxcdn.bootstrapcdn.com/bootstrap/3.3.7/css/bootstrap.min.css]
[127.0.0.1_5000/static/css/style.css]
[127.0.0.1_5000/static/logo_tr.html]
[127.0.0.1_5000/static/vendor/fontawesome-free/webfonts/fa-brands-400.svg]
[127.0.0.1_5000/static/vendor/fontawesome-free/webfonts/fa-regular-400.svg]
[127.0.0.1_5000/static/vendor/fontawesome-free/webfonts/fa-solid-900.svg]
[127.0.0.1_5000/static/fonts/raleway/Raleway-Black.html]
[127.0.0.1_5000/static/fonts/raleway/Raleway-SemiBold.html]
[127.0.0.1_5000/static/fonts/raleway/Raleway-Bold.html]
